[36mvite v6.4.1 [32mbuilding for production...[36m[39m
transforming...
[32mΓ£ô[39m 3949 modules transformed.
rendering chunks...
node : [33m[plugin vite:reporter] 
At line:1 char:1
+ node -e "require('child_process').execSync('node node_modules/vite/bi ...
+ ~~~~~~~~~~~~~~~~~~~~~~~~~~~~~~~~~~~~~~~~~~~~~~~~~~~~~~~~~~~~~~~~~~~~~
    + CategoryInfo          : NotSpecified: ([33m[plugin vite:reporter] :Stri 
   ng) [], RemoteException
    + FullyQualifiedErrorId : NativeCommandError
 
(!) C:/Users/brend/guide-2.0/frontend/src/api/websocket.js is dynamically 
imported by C:/Users/brend/guide-2.0/frontend/src/components/ChatPanel.jsx, 
C:/Users/brend/guide-2.0/frontend/src/components/ChatPanel.jsx but also 
statically imported by C:/Users/brend/guide-2.0/frontend/src/App.jsx, dynamic 
import will not move module into another chunk.
[39m
computing gzip size...
[2mdist/[22m[32mindex.html                                       [39m[1m[2m    0.74 kB[22m[1m[22m[2m Γöé gzip:   0.37 kB[22m
[2mdist/[22m[32massets/KaTeX_Size3-Regular-CTq5MqoE.woff         [39m[1m[2m    4.42 kB[22m[1m[22m
[2mdist/[22m[32massets/KaTeX_Size4-Regular-Dl5lxZxV.woff2        [39m[1m[2m    4.93 kB[22m[1m[22m
[2mdist/[22m[32massets/KaTeX_Size2-Regular-Dy4dx90m.woff2        [39m[1m[2m    5.21 kB[22m[1m[22m
[2mdist/[22m[32massets/KaTeX_Size1-Regular-mCD8mA8B.woff2        [39m[1m[2m    5.47 kB[22m[1m[22m
[2mdist/[22m[32massets/KaTeX_Size4-Regular-BF-4gkZK.woff         [39m[1m[2m    5.98 kB[22m[1m[22m
[2mdist/[22m[32massets/KaTeX_Size2-Regular-oD1tc_U0.woff         [39m[1m[2m    6.19 kB[22m[1m[22m
[2mdist/[22m[32massets/KaTeX_Size1-Regular-C195tn64.woff         [39m[1m[2m    6.50 kB[22m[1m[22m
[2mdist/[22m[32massets/KaTeX_Caligraphic-Regular-Di6jR-x-.woff2  [39m[1m[2m    6.91 kB[22m[1m[22m
[2mdist/[22m[32massets/KaTeX_Caligraphic-Bold-Dq_IR9rO.woff2     [39m[1m[2m    6.91 kB[22m[1m[22m
[2mdist/[22m[32massets/KaTeX_Size3-Regular-DgpXs0kz.ttf          [39m[1m[2m    7.59 kB[22m[1m[22m
[2mdist/[22m[32massets/KaTeX_Caligraphic-Regular-CTRA-rTL.woff   [39m[1m[2m    7.66 kB[22m[1m[22m
[2mdist/[22m[32massets/KaTeX_Caligraphic-Bold-BEiXGLvX.woff      [39m[1m[2m    7.72 kB[22m[1m[22m
[2mdist/[22m[32massets/KaTeX_Script-Regular-D3wIWfF6.woff2       [39m[1m[2m    9.64 kB[22m[1m[22m
[2mdist/[22m[32massets/KaTeX_SansSerif-Regular-DDBCnlJ7.woff2    [39m[1m[2m   10.34 kB[22m[1m[22m
[2mdist/[22m[32massets/KaTeX_Size4-Regular-DWFBv043.ttf          [39m[1m[2m   10.36 kB[22m[1m[22m
[2mdist/[22m[32massets/KaTeX_Script-Regular-D5yQViql.woff        [39m[1m[2m   10.59 kB[22m[1m[22m
[2mdist/[22m[32massets/KaTeX_Fraktur-Regular-CTYiF6lA.woff2      [39m[1m[2m   11.32 kB[22m[1m[22m
[2mdist/[22m[32massets/KaTeX_Fraktur-Bold-CL6g_b3V.woff2         [39m[1m[2m   11.35 kB[22m[1m[22m
[2mdist/[22m[32massets/KaTeX_Size2-Regular-B7gKUWhC.ttf          [39m[1m[2m   11.51 kB[22m[1m[22m
[2mdist/[22m[32massets/KaTeX_SansSerif-Italic-C3H0VqGB.woff2     [39m[1m[2m   12.03 kB[22m[1m[22m
[2mdist/[22m[32massets/KaTeX_SansSerif-Bold-D1sUS0GD.woff2       [39m[1m[2m   12.22 kB[22m[1m[22m
[2mdist/[22m[32massets/KaTeX_Size1-Regular-Dbsnue_I.ttf          [39m[1m[2m   12.23 kB[22m[1m[22m
[2mdist/[22m[32massets/KaTeX_SansSerif-Regular-CS6fqUqJ.woff     [39m[1m[2m   12.32 kB[22m[1m[22m
[2mdist/[22m[32massets/KaTeX_Caligraphic-Regular-wX97UBjC.ttf    [39m[1m[2m   12.34 kB[22m[1m[22m
[2mdist/[22m[32massets/KaTeX_Caligraphic-Bold-ATXxdsX0.ttf       [39m[1m[2m   12.37 kB[22m[1m[22m
[2mdist/[22m[32massets/KaTeX_Fraktur-Regular-Dxdc4cR9.woff       [39m[1m[2m   13.21 kB[22m[1m[22m
[2mdist/[22m[32massets/KaTeX_Fraktur-Bold-BsDP51OF.woff          [39m[1m[2m   13.30 kB[22m[1m[22m
[2mdist/[22m[32massets/KaTeX_Typewriter-Regular-CO6r4hn1.woff2   [39m[1m[2m   13.57 kB[22m[1m[22m
[2mdist/[22m[32massets/KaTeX_SansSerif-Italic-DN2j7dab.woff      [39m[1m[2m   14.11 kB[22m[1m[22m
[2mdist/[22m[32massets/KaTeX_SansSerif-Bold-DbIhKOiC.woff        [39m[1m[2m   14.41 kB[22m[1m[22m
[2mdist/[22m[32massets/KaTeX_Typewriter-Regular-C0xS9mPB.woff    [39m[1m[2m   16.03 kB[22m[1m[22m
[2mdist/[22m[32massets/KaTeX_Math-BoldItalic-CZnvNsCZ.woff2      [39m[1m[2m   16.40 kB[22m[1m[22m
[2mdist/[22m[32massets/KaTeX_Math-Italic-t53AETM-.woff2          [39m[1m[2m   16.44 kB[22m[1m[22m
[2mdist/[22m[32massets/KaTeX_Script-Regular-C5JkGWo-.ttf         [39m[1m[2m   16.65 kB[22m[1m[22m
[2mdist/[22m[32massets/KaTeX_Main-BoldItalic-DxDJ3AOS.woff2      [39m[1m[2m   16.78 kB[22m[1m[22m
[2mdist/[22m[32massets/KaTeX_Main-Italic-NWA7e6Wa.woff2          [39m[1m[2m   16.99 kB[22m[1m[22m
[2mdist/[22m[32massets/KaTeX_Math-BoldItalic-iY-2wyZ7.woff       [39m[1m[2m   18.67 kB[22m[1m[22m
[2mdist/[22m[32massets/KaTeX_Math-Italic-DA0__PXp.woff           [39m[1m[2m   18.75 kB[22m[1m[22m
[2mdist/[22m[32massets/KaTeX_Main-BoldItalic-SpSLRI95.woff       [39m[1m[2m   19.41 kB[22m[1m[22m
[2mdist/[22m[32massets/KaTeX_SansSerif-Regular-BNo7hRIc.ttf      [39m[1m[2m   19.44 kB[22m[1m[22m
[2mdist/[22m[32massets/KaTeX_Fraktur-Regular-CB_wures.ttf        [39m[1m[2m   19.57 kB[22m[1m[22m
[2mdist/[22m[32massets/KaTeX_Fraktur-Bold-BdnERNNW.ttf           [39m[1m[2m   19.58 kB[22m[1m[22m
[2mdist/[22m[32massets/KaTeX_Main-Italic-BMLOBm91.woff           [39m[1m[2m   19.68 kB[22m[1m[22m
[2mdist/[22m[32massets/KaTeX_SansSerif-Italic-YYjJ1zSn.ttf       [39m[1m[2m   22.36 kB[22m[1m[22m
[2mdist/[22m[32massets/KaTeX_SansSerif-Bold-CFMepnvq.ttf         [39m[1m[2m   24.50 kB[22m[1m[22m
[2mdist/[22m[32massets/KaTeX_Main-Bold-Cx986IdX.woff2            [39m[1m[2m   25.32 kB[22m[1m[22m
[2mdist/[22m[32massets/KaTeX_Main-Regular-B22Nviop.woff2         [39m[1m[2m   26.27 kB[22m[1m[22m
[2mdist/[22m[32massets/KaTeX_Typewriter-Regular-D3Ib7_Hf.ttf     [39m[1m[2m   27.56 kB[22m[1m[22m
[2mdist/[22m[32massets/KaTeX_AMS-Regular-BQhdFMY1.woff2          [39m[1m[2m   28.08 kB[22m[1m[22m
[2mdist/[22m[32massets/KaTeX_Main-Bold-Jm3AIy58.woff             [39m[1m[2m   29.91 kB[22m[1m[22m
[2mdist/[22m[32massets/KaTeX_Main-Regular-Dr94JaBh.woff          [39m[1m[2m   30.77 kB[22m[1m[22m
[2mdist/[22m[32massets/KaTeX_Math-BoldItalic-B3XSjfu4.ttf        [39m[1m[2m   31.20 kB[22m[1m[22m
[2mdist/[22m[32massets/KaTeX_Math-Italic-flOr_0UB.ttf            [39m[1m[2m   31.31 kB[22m[1m[22m
[2mdist/[22m[32massets/KaTeX_Main-BoldItalic-DzxPMmG6.ttf        [39m[1m[2m   32.97 kB[22m[1m[22m
[2mdist/[22m[32massets/KaTeX_AMS-Regular-DMm9YOAa.woff           [39m[1m[2m   33.52 kB[22m[1m[22m
[2mdist/[22m[32massets/KaTeX_Main-Italic-3WenGoN9.ttf            [39m[1m[2m   33.58 kB[22m[1m[22m
[2mdist/[22m[32massets/KaTeX_Main-Bold-waoOVXN0.ttf              [39m[1m[2m   51.34 kB[22m[1m[22m
[2mdist/[22m[32massets/KaTeX_Main-Regular-ypZvNtVU.ttf           [39m[1m[2m   53.58 kB[22m[1m[22m
[2mdist/[22m[32massets/KaTeX_AMS-Regular-DRggAlZN.ttf            [39m[1m[2m   63.63 kB[22m[1m[22m
[2mdist/[22m[32massets/codicon-DCmgc-ay.ttf                      [39m[1m[2m   80.34 kB[22m[1m[22m
[2mdist/[22m[35massets/index-BLMYlDAt.css                        [39m[1m[2m   91.23 kB[22m[1m[22m[2m Γöé gzip:  20.00 kB[22m
[2mdist/[22m[35massets/monaco-CpN8rtOO.css                       [39m[1m[2m  133.40 kB[22m[1m[22m[2m Γöé gzip:  21.23 kB[22m
[2mdist/[22m[36massets/clone-CQj5uEkn.js                         [39m[1m[2m    0.10 kB[22m[1m[22m[2m Γöé gzip:   0.11 kB[22m
[2mdist/[22m[36massets/channel-Xt0CrCeV.js                       [39m[1m[2m    0.11 kB[22m[1m[22m[2m Γöé gzip:   0.12 kB[22m
[2mdist/[22m[36massets/init-Gi6I4Gst.js                          [39m[1m[2m    0.15 kB[22m[1m[22m[2m Γöé gzip:   0.13 kB[22m
[2mdist/[22m[36massets/chunk-QZHKN3VN-CtKBi2QD.js                [39m[1m[2m    0.19 kB[22m[1m[22m[2m Γöé gzip:   0.16 kB[22m
[2mdist/[22m[36massets/chunk-55IACEB6-DumbGOmB.js                [39m[1m[2m    0.23 kB[22m[1m[22m[2m Γöé gzip:   0.21 kB[22m
[2mdist/[22m[36massets/chunk-4BX2VUAB-CB6EHwHZ.js                [39m[1m[2m    0.29 kB[22m[1m[22m[2m Γöé gzip:   0.20 kB[22m
[2mdist/[22m[36massets/chunk-FMBD7UC4-wHDoJxxj.js                [39m[1m[2m    0.36 kB[22m[1m[22m[2m Γöé gzip:   0.27 kB[22m
[2mdist/[22m[36massets/stateDiagram-v2-FVOUBMTO-B9n7Md4t.js      [39m[1m[2m    0.41 kB[22m[1m[22m[2m Γöé gzip:   0.30 kB[22m
[2mdist/[22m[36massets/classDiagram-VBA2DB6C-ne5A5mlF.js         [39m[1m[2m    0.49 kB[22m[1m[22m[2m Γöé gzip:   0.33 kB[22m
[2mdist/[22m[36massets/classDiagram-v2-RAHNMMFH-ne5A5mlF.js      [39m[1m[2m    0.49 kB[22m[1m[22m[2m Γöé gzip:   0.33 kB[22m
[2mdist/[22m[36massets/chunk-KX2RTZJC-CSN5zDlM.js                [39m[1m[2m    0.53 kB[22m[1m[22m[2m Γöé gzip:   0.37 kB[22m
[2mdist/[22m[36massets/infoDiagram-LFFYTUFH-DnBDog8h.js          [39m[1m[2m    0.70 kB[22m[1m[22m[2m Γöé gzip:   0.47 kB[22m
[2mdist/[22m[36massets/monaco-BUdORE0d.js                        [39m[1m[2m    1.14 kB[22m[1m[22m[2m Γöé gzip:   0.66 kB[22m
[2mdist/[22m[36massets/ordinal-Cboi1Yqb.js                       [39m[1m[2m    1.19 kB[22m[1m[22m[2m Γöé gzip:   0.57 kB[22m
[2mdist/[22m[36massets/addon-fit-CSugTv0e.js                     [39m[1m[2m    1.80 kB[22m[1m[22m[2m Γöé gzip:   0.82 kB[22m
[2mdist/[22m[36massets/chunk-JSJVCQXG-CVBQwi-u.js                [39m[1m[2m    1.88 kB[22m[1m[22m[2m Γöé gzip:   0.83 kB[22m
[2mdist/[22m[36massets/_basePickBy-BHOELwMb.js                   [39m[1m[2m    2.58 kB[22m[1m[22m[2m Γöé gzip:   1.28 kB[22m
[2mdist/[22m[36massets/addon-web-links-CtvhWD4B.js               [39m[1m[2m    3.41 kB[22m[1m[22m[2m Γöé gzip:   1.63 kB[22m
[2mdist/[22m[36massets/arc-BwQzWdoo.js                           [39m[1m[2m    3.43 kB[22m[1m[22m[2m Γöé gzip:   1.48 kB[22m
[2mdist/[22m[36massets/diagram-P4PSJMXO-C9cu-BI7.js              [39m[1m[2m    4.36 kB[22m[1m[22m[2m Γöé gzip:   1.92 kB[22m
[2mdist/[22m[36massets/defaultLocale-DX6XiGOO.js                 [39m[1m[2m    4.69 kB[22m[1m[22m[2m Γöé gzip:   2.18 kB[22m
[2mdist/[22m[36massets/pieDiagram-SKSYHLDU-DAJRXTfQ.js           [39m[1m[2m    5.29 kB[22m[1m[22m[2m Γöé gzip:   2.34 kB[22m
[2mdist/[22m[36massets/linear-C7HIhqXi.js                        [39m[1m[2m    5.65 kB[22m[1m[22m[2m Γöé gzip:   2.31 kB[22m
[2mdist/[22m[36massets/graph-BMK1O6TT.js                         [39m[1m[2m    5.91 kB[22m[1m[22m[2m Γöé gzip:   1.87 kB[22m
[2mdist/[22m[36massets/diagram-IFDJBPK2-C2J2hrGl.js              [39m[1m[2m    6.08 kB[22m[1m[22m[2m Γöé gzip:   2.57 kB[22m
[2mdist/[22m[36massets/stateDiagram-RAJIS63D-Cjlu5BTL.js         [39m[1m[2m   10.41 kB[22m[1m[22m[2m Γöé gzip:   3.65 kB[22m
[2mdist/[22m[36massets/dagre-KLK3FWXG-GOFn9ulk.js                [39m[1m[2m   11.29 kB[22m[1m[22m[2m Γöé gzip:   4.21 kB[22m
[2mdist/[22m[36massets/_baseUniq-Acdo6qYd.js                     [39m[1m[2m   11.90 kB[22m[1m[22m[2m Γöé gzip:   4.65 kB[22m
[2mdist/[22m[36massets/react-RNkSyQJT.js                         [39m[1m[2m   12.29 kB[22m[1m[22m[2m Γöé gzip:   4.37 kB[22m
[2mdist/[22m[36massets/diagram-E7M64L7V-BnltN77j.js              [39m[1m[2m   15.99 kB[22m[1m[22m[2m Γöé gzip:   5.72 kB[22m
[2mdist/[22m[36massets/ishikawaDiagram-PHBUUO56-DjvX-PGC.js      [39m[1m[2m   17.57 kB[22m[1m[22m[2m Γöé gzip:   6.68 kB[22m
[2mdist/[22m[36massets/kanban-definition-K7BYSVSG-CW81cbu9.js    [39m[1m[2m   20.67 kB[22m[1m[22m[2m Γöé gzip:   7.28 kB[22m
[2mdist/[22m[36massets/mindmap-definition-YRQLILUH-Dsbm0ub8.js   [39m[1m[2m   21.10 kB[22m[1m[22m[2m Γöé gzip:   7.38 kB[22m
[2mdist/[22m[36massets/sankeyDiagram-WA2Y5GQK-BX7LuzEY.js        [39m[1m[2m   22.26 kB[22m[1m[22m[2m Γöé gzip:   8.16 kB[22m
[2mdist/[22m[36massets/journeyDiagram-4ABVD52K-DlfJKbq6.js       [39m[1m[2m   23.56 kB[22m[1m[22m[2m Γöé gzip:   8.34 kB[22m
[2mdist/[22m[36massets/timeline-definition-YZTLITO2-tPCeBWcv.js  [39m[1m[2m   23.73 kB[22m[1m[22m[2m Γöé gzip:   8.29 kB[22m
[2mdist/[22m[36massets/gitGraphDiagram-K3NZZRJ6-CxfKEUUY.js      [39m[1m[2m   24.65 kB[22m[1m[22m[2m Γöé gzip:   7.63 kB[22m
[2mdist/[22m[36massets/erDiagram-INFDFZHY-CGUjKs8p.js            [39m[1m[2m   26.06 kB[22m[1m[22m[2m Γöé gzip:   9.07 kB[22m
[2mdist/[22m[36massets/layout-BYfpDcpy.js                        [39m[1m[2m   27.38 kB[22m[1m[22m[2m Γöé gzip:   9.72 kB[22m
[2mdist/[22m[36massets/requirementDiagram-Z7DCOOCP-C7VTM5Ae.js   [39m[1m[2m   30.50 kB[22m[1m[22m[2m Γöé gzip:   9.55 kB[22m
[2mdist/[22m[36massets/quadrantDiagram-337W2JSQ-BYx-a94r.js      [39m[1m[2m   34.35 kB[22m[1m[22m[2m Γöé gzip:  10.12 kB[22m
[2mdist/[22m[36massets/chunk-NQ4KR5QH-DNpycZqP.js                [39m[1m[2m   36.85 kB[22m[1m[22m[2m Γöé gzip:  12.00 kB[22m
[2mdist/[22m[36massets/xychartDiagram-JWTSCODW-BZe8PTeL.js       [39m[1m[2m   40.23 kB[22m[1m[22m[2m Γöé gzip:  11.46 kB[22m
[2mdist/[22m[36massets/vennDiagram-LZ73GAT5-BVAmGhzm.js          [39m[1m[2m   41.86 kB[22m[1m[22m[2m Γöé gzip:  15.59 kB[22m
[2mdist/[22m[36massets/chunk-WL4C6EOR-CDGRqf9M.js                [39m[1m[2m   46.37 kB[22m[1m[22m[2m Γöé gzip:  14.96 kB[22m
[2mdist/[22m[36massets/flowDiagram-PKNHOUZH-Bh-jkwme.js          [39m[1m[2m   61.58 kB[22m[1m[22m[2m Γöé gzip:  19.68 kB[22m
[2mdist/[22m[36massets/ganttDiagram-A5KZAMGK-D3xKL_5p.js         [39m[1m[2m   69.27 kB[22m[1m[22m[2m Γöé gzip:  23.36 kB[22m
[2mdist/[22m[36massets/c4Diagram-IC4MRINW-BffrgUzd.js            [39m[1m[2m   70.20 kB[22m[1m[22m[2m Γöé gzip:  19.71 kB[22m
[2mdist/[22m[36massets/blockDiagram-WCTKOSBZ-eVmEDMe9.js         [39m[1m[2m   72.12 kB[22m[1m[22m[2m Γöé gzip:  20.53 kB[22m
[2mdist/[22m[36massets/cose-bilkent-S5V4N54A-BOFUv6PO.js         [39m[1m[2m   81.74 kB[22m[1m[22m[2m Γöé gzip:  22.49 kB[22m
[2mdist/[22m[36massets/sequenceDiagram-2WXFIKYE-CIO4Sxpg.js      [39m[1m[2m  111.68 kB[22m[1m[22m[2m Γöé gzip:  29.43 kB[22m
[2mdist/[22m[36massets/architectureDiagram-2XIMDMQ5-Yy9zycWh.js  [39m[1m[2m  149.47 kB[22m[1m[22m[2m Γöé gzip:  42.26 kB[22m
[2mdist/[22m[36massets/xterm-Br2fMxes.js                         [39m[1m[2m  291.26 kB[22m[1m[22m[2m Γöé gzip:  72.66 kB[22m
[2mdist/[22m[36massets/cytoscape.esm-BQaXIfA_.js                 [39m[1m[2m  442.44 kB[22m[1m[22m[2m Γöé gzip: 141.91 kB[22m
[2mdist/[22m[36massets/treemap-KZPCXAKY-CNvhw1i_.js              [39m[1m[2m  455.48 kB[22m[1m[22m[2m Γöé gzip: 108.06 kB[22m
[2mdist/[22m[36massets/index-FTQ1Wa8Y.js                         [39m[1m[33m1,654.29 kB[39m[22m[2m Γöé gzip: 476.24 kB[22m
[33m
(!) Some chunks are larger than 500 kB after minification. Consider:
- Using dynamic import() to code-split the application
- Use build.rollupOptions.output.manualChunks to improve chunking: 
https://rollupjs.org/configuration-options/#output-manualchunks
- Adjust chunk size limit for this warning via 
build.chunkSizeWarningLimit.[39m
[32mΓ£ô built in 18.01s[39m
